Renesas Optimizing Linker (W2.08.00 )             12-Mar-2018 00:51:44

*** Options ***

-subcommand=DefaultBuild\demo_freertos_v10_0_1.clnk
-library=DefaultBuild\demo_freertos_v10_0_1.lib
-input=DefaultBuild\main.obj
-input=DefaultBuild\Config_PORT.obj
-input=DefaultBuild\Config_PORT_user.obj
-input=DefaultBuild\r_cg_hardware_setup.obj
-input=DefaultBuild\r_smc_cgc.obj
-input=DefaultBuild\r_smc_cgc_user.obj
-input=DefaultBuild\r_smc_interrupt.obj
-input=DefaultBuild\dbsct.obj
-input=DefaultBuild\hwsetup.obj
-input=DefaultBuild\lowlvl.obj
-input=DefaultBuild\lowsrc.obj
-input=DefaultBuild\resetprg.obj
-input=DefaultBuild\sbrk.obj
-input=DefaultBuild\vecttbl.obj
-input=DefaultBuild\r_bsp_common.obj
-input=DefaultBuild\cpu.obj
-input=DefaultBuild\locking.obj
-input=DefaultBuild\mcu_clocks.obj
-input=DefaultBuild\mcu_init.obj
-input=DefaultBuild\mcu_interrupts.obj
-input=DefaultBuild\mcu_locks.obj
-input=DefaultBuild\mcu_mapped_interrupts.obj
-input=DefaultBuild\Pin.obj
-input=DefaultBuild\ApplicationHook.obj
-input=DefaultBuild\croutine.obj
-input=DefaultBuild\event_groups.obj
-input=DefaultBuild\list.obj
-input=DefaultBuild\queue.obj
-input=DefaultBuild\stream_buffer.obj
-input=DefaultBuild\tasks.obj
-input=DefaultBuild\timers.obj
-input=DefaultBuild\heap_1.obj
-input=DefaultBuild\port.obj
-input=DefaultBuild\port_asm.obj
-noprelink
-output=DefaultBuild\demo_freertos_v10_0_1.abs
-vect=_undefined_interrupt_source_isr
-list=DefaultBuild\demo_freertos_v10_0_1.map
-nooptimize
-start=SU,SI,B_1,R_1,B_2,R_2,B,R/4,C_1,C_2,C,C$*,D*,W*,L,P*/FFC00000,EXCEPTVECT/FFFFFF80,RESETVECT/FFFFFFFC
-rom=D=R,D_1=R_1,D_2=R_2
-nologo
-end

*** Error information ***

*** Mapping List ***

SECTION                            START      END         SIZE   ALIGN
SU
                                  00000004  00001003      1000   4
SI
                                  00001004  00001403       400   4
B_1
                                  00001404  0000c82b      b428   1
R_1
                                  0000c82c  0000c87b        50   1
B_2
                                  0000c87c  0000c883         8   2
R_2
                                  0000c884  0000c884         0   1
B
                                  0000c884  0000d127       8a4   4
R
                                  0000d128  0000d26b       144   4
$ADDR_C_120040
                                  00120040  00120043         4   1
$ADDR_C_120048
                                  00120048  0012004b         4   1
$ADDR_C_120050
                                  00120050  0012006f        20   1
C_1
                                  ffc00000  ffc00000         0   1
C_2
                                  ffc00000  ffc00005         6   2
C
                                  ffc00008  ffc0007f        78   4
C$DSEC
                                  ffc00080  ffc000a3        24   4
C$BSEC
                                  ffc000a4  ffc000bb        18   4
C$VECT
                                  ffc000bc  ffc004bb       400   4
D
                                  ffc004bc  ffc005ff       144   4
D_1
                                  ffc00600  ffc0064f        50   1
D_2
                                  ffc00650  ffc00650         0   1
W
                                  ffc00650  ffc00650         0   1
W_1
                                  ffc00650  ffc00650         0   1
W_2
                                  ffc00650  ffc00650         0   1
L
                                  ffc00650  ffc006b3        64   4
P
                                  ffc006b4  ffc04a88      43d5   1
EXCEPTVECT
                                  ffffff80  fffffffb        7c   4
RESETVECT
                                  fffffffc  ffffffff         4   4
